Archive member included because of file (symbol)

d:/coocox/gcc-arm-none-eabi-4_7-2013q2-20130614-win32/gnu tools arm embedded/4.7 2013q2/bin/../lib/gcc/arm-none-eabi/4.7.4/armv6-m\libgcc.a(_udivsi3.o)
                              ..\obj\stm32f0xx_rcc.o (__aeabi_uidiv)
d:/coocox/gcc-arm-none-eabi-4_7-2013q2-20130614-win32/gnu tools arm embedded/4.7 2013q2/bin/../lib/gcc/arm-none-eabi/4.7.4/armv6-m\libgcc.a(_dvmd_tls.o)
                              d:/coocox/gcc-arm-none-eabi-4_7-2013q2-20130614-win32/gnu tools arm embedded/4.7 2013q2/bin/../lib/gcc/arm-none-eabi/4.7.4/armv6-m\libgcc.a(_udivsi3.o) (__aeabi_idiv0)

Discarded input sections

 .text          0x00000000        0x0 ..\obj\stm32f0xx_rcc.o
 .bss           0x00000000        0x0 ..\obj\stm32f0xx_rcc.o
 .text.RCC_DeInit
                0x00000000       0x88 ..\obj\stm32f0xx_rcc.o
 .text.RCC_HSEConfig
                0x00000000       0x24 ..\obj\stm32f0xx_rcc.o
 .text.RCC_WaitForHSEStartUp
                0x00000000       0x60 ..\obj\stm32f0xx_rcc.o
 .text.RCC_AdjustHSICalibrationValue
                0x00000000       0x3c ..\obj\stm32f0xx_rcc.o
 .text.RCC_HSICmd
                0x00000000       0x38 ..\obj\stm32f0xx_rcc.o
 .text.RCC_AdjustHSI14CalibrationValue
                0x00000000       0x3c ..\obj\stm32f0xx_rcc.o
 .text.RCC_HSI14Cmd
                0x00000000       0x38 ..\obj\stm32f0xx_rcc.o
 .text.RCC_HSI14ADCRequestCmd
                0x00000000       0x38 ..\obj\stm32f0xx_rcc.o
 .text.RCC_LSEConfig
                0x00000000       0x38 ..\obj\stm32f0xx_rcc.o
 .text.RCC_LSEDriveConfig
                0x00000000       0x2c ..\obj\stm32f0xx_rcc.o
 .text.RCC_LSICmd
                0x00000000       0x38 ..\obj\stm32f0xx_rcc.o
 .text.RCC_PLLConfig
                0x00000000       0x34 ..\obj\stm32f0xx_rcc.o
 .text.RCC_PLLCmd
                0x00000000       0x40 ..\obj\stm32f0xx_rcc.o
 .text.RCC_PREDIV1Config
                0x00000000       0x34 ..\obj\stm32f0xx_rcc.o
 .text.RCC_ClockSecuritySystemCmd
                0x00000000       0x40 ..\obj\stm32f0xx_rcc.o
 .text.RCC_MCOConfig
                0x00000000       0x20 ..\obj\stm32f0xx_rcc.o
 .text.RCC_SYSCLKConfig
                0x00000000       0x34 ..\obj\stm32f0xx_rcc.o
 .text.RCC_GetSYSCLKSource
                0x00000000       0x1c ..\obj\stm32f0xx_rcc.o
 .text.RCC_HCLKConfig
                0x00000000       0x34 ..\obj\stm32f0xx_rcc.o
 .text.RCC_PCLKConfig
                0x00000000       0x38 ..\obj\stm32f0xx_rcc.o
 .text.RCC_ADCCLKConfig
                0x00000000       0x50 ..\obj\stm32f0xx_rcc.o
 .text.RCC_CECCLKConfig
                0x00000000       0x2c ..\obj\stm32f0xx_rcc.o
 .text.RCC_I2CCLKConfig
                0x00000000       0x2c ..\obj\stm32f0xx_rcc.o
 .text.RCC_USARTCLKConfig
                0x00000000       0x2c ..\obj\stm32f0xx_rcc.o
 .text.RCC_RTCCLKConfig
                0x00000000       0x20 ..\obj\stm32f0xx_rcc.o
 .text.RCC_RTCCLKCmd
                0x00000000       0x40 ..\obj\stm32f0xx_rcc.o
 .text.RCC_BackupResetCmd
                0x00000000       0x40 ..\obj\stm32f0xx_rcc.o
 .text.RCC_APB2PeriphClockCmd
                0x00000000       0x3c ..\obj\stm32f0xx_rcc.o
 .text.RCC_AHBPeriphResetCmd
                0x00000000       0x3c ..\obj\stm32f0xx_rcc.o
 .text.RCC_APB2PeriphResetCmd
                0x00000000       0x3c ..\obj\stm32f0xx_rcc.o
 .text.RCC_APB1PeriphResetCmd
                0x00000000       0x3c ..\obj\stm32f0xx_rcc.o
 .text.RCC_ITConfig
                0x00000000       0x50 ..\obj\stm32f0xx_rcc.o
 .text.RCC_GetFlagStatus
                0x00000000       0x90 ..\obj\stm32f0xx_rcc.o
 .text.RCC_ClearFlag
                0x00000000       0x1c ..\obj\stm32f0xx_rcc.o
 .text.RCC_GetITStatus
                0x00000000       0x44 ..\obj\stm32f0xx_rcc.o
 .text.RCC_ClearITPendingBit
                0x00000000       0x20 ..\obj\stm32f0xx_rcc.o
 .text          0x00000000        0x0 ..\obj\main.o
 .data          0x00000000        0x0 ..\obj\main.o
 .bss           0x00000000        0x0 ..\obj\main.o
 .text          0x00000000       0x14 ..\obj\startup_stm32f0xx.o
 .data          0x00000000        0x0 ..\obj\startup_stm32f0xx.o
 .bss           0x00000000        0x0 ..\obj\startup_stm32f0xx.o
 .text          0x00000000        0x0 ..\obj\system_stm32f0xx_temp.o
 .data          0x00000000       0x14 ..\obj\system_stm32f0xx_temp.o
 .bss           0x00000000        0x0 ..\obj\system_stm32f0xx_temp.o
 .text.SystemCoreClockUpdate1
                0x00000000       0xd0 ..\obj\system_stm32f0xx_temp.o
 .text          0x00000000        0x0 ..\obj\stm32f0xx_gpio.o
 .data          0x00000000        0x0 ..\obj\stm32f0xx_gpio.o
 .bss           0x00000000        0x0 ..\obj\stm32f0xx_gpio.o
 .text.GPIO_DeInit
                0x00000000       0xc8 ..\obj\stm32f0xx_gpio.o
 .text.GPIO_StructInit
                0x00000000       0x30 ..\obj\stm32f0xx_gpio.o
 .text.GPIO_PinLockConfig
                0x00000000       0x44 ..\obj\stm32f0xx_gpio.o
 .text.GPIO_ReadInputDataBit
                0x00000000       0x48 ..\obj\stm32f0xx_gpio.o
 .text.GPIO_ReadInputData
                0x00000000       0x18 ..\obj\stm32f0xx_gpio.o
 .text.GPIO_ReadOutputDataBit
                0x00000000       0x48 ..\obj\stm32f0xx_gpio.o
 .text.GPIO_ReadOutputData
                0x00000000       0x18 ..\obj\stm32f0xx_gpio.o
 .text.GPIO_SetBits
                0x00000000       0x1c ..\obj\stm32f0xx_gpio.o
 .text.GPIO_ResetBits
                0x00000000       0x1c ..\obj\stm32f0xx_gpio.o
 .text.GPIO_WriteBit
                0x00000000       0x30 ..\obj\stm32f0xx_gpio.o
 .text.GPIO_Write
                0x00000000       0x1c ..\obj\stm32f0xx_gpio.o
 .text          0x00000000        0x0 ..\obj\stm32f0xx_usart.o
 .data          0x00000000        0x0 ..\obj\stm32f0xx_usart.o
 .bss           0x00000000        0x0 ..\obj\stm32f0xx_usart.o
 .text.USART_DeInit
                0x00000000       0x58 ..\obj\stm32f0xx_usart.o
 .text.USART_StructInit
                0x00000000       0x34 ..\obj\stm32f0xx_usart.o
 .text.USART_ClockInit
                0x00000000       0x48 ..\obj\stm32f0xx_usart.o
 .text.USART_ClockStructInit
                0x00000000       0x28 ..\obj\stm32f0xx_usart.o
 .text.USART_DirectionModeCmd
                0x00000000       0x38 ..\obj\stm32f0xx_usart.o
 .text.USART_OverSampling8Cmd
                0x00000000       0x3c ..\obj\stm32f0xx_usart.o
 .text.USART_OneBitMethodCmd
                0x00000000       0x3c ..\obj\stm32f0xx_usart.o
 .text.USART_MSBFirstCmd
                0x00000000       0x3c ..\obj\stm32f0xx_usart.o
 .text.USART_DataInvCmd
                0x00000000       0x3c ..\obj\stm32f0xx_usart.o
 .text.USART_InvPinCmd
                0x00000000       0x38 ..\obj\stm32f0xx_usart.o
 .text.USART_SWAPPinCmd
                0x00000000       0x3c ..\obj\stm32f0xx_usart.o
 .text.USART_ReceiverTimeOutCmd
                0x00000000       0x3c ..\obj\stm32f0xx_usart.o
 .text.USART_SetReceiverTimeOut
                0x00000000       0x28 ..\obj\stm32f0xx_usart.o
 .text.USART_SetPrescaler
                0x00000000       0x38 ..\obj\stm32f0xx_usart.o
 .text.USART_STOPModeCmd
                0x00000000       0x3c ..\obj\stm32f0xx_usart.o
 .text.USART_StopModeWakeUpSourceConfig
                0x00000000       0x2c ..\obj\stm32f0xx_usart.o
 .text.USART_AutoBaudRateCmd
                0x00000000       0x3c ..\obj\stm32f0xx_usart.o
 .text.USART_AutoBaudRateConfig
                0x00000000       0x2c ..\obj\stm32f0xx_usart.o
 .text.USART_SetAddress
                0x00000000       0x30 ..\obj\stm32f0xx_usart.o
 .text.USART_MuteModeCmd
                0x00000000       0x3c ..\obj\stm32f0xx_usart.o
 .text.USART_MuteModeWakeUpConfig
                0x00000000       0x2c ..\obj\stm32f0xx_usart.o
 .text.USART_AddressDetectionConfig
                0x00000000       0x2c ..\obj\stm32f0xx_usart.o
 .text.USART_LINBreakDetectLengthConfig
                0x00000000       0x2c ..\obj\stm32f0xx_usart.o
 .text.USART_LINCmd
                0x00000000       0x3c ..\obj\stm32f0xx_usart.o
 .text.USART_HalfDuplexCmd
                0x00000000       0x3c ..\obj\stm32f0xx_usart.o
 .text.USART_SetGuardTime
                0x00000000       0x3c ..\obj\stm32f0xx_usart.o
 .text.USART_SmartCardCmd
                0x00000000       0x3c ..\obj\stm32f0xx_usart.o
 .text.USART_SmartCardNACKCmd
                0x00000000       0x3c ..\obj\stm32f0xx_usart.o
 .text.USART_SetAutoRetryCount
                0x00000000       0x34 ..\obj\stm32f0xx_usart.o
 .text.USART_SetBlockLength
                0x00000000       0x30 ..\obj\stm32f0xx_usart.o
 .text.USART_IrDAConfig
                0x00000000       0x2c ..\obj\stm32f0xx_usart.o
 .text.USART_IrDACmd
                0x00000000       0x3c ..\obj\stm32f0xx_usart.o
 .text.USART_DECmd
                0x00000000       0x3c ..\obj\stm32f0xx_usart.o
 .text.USART_DEPolarityConfig
                0x00000000       0x2c ..\obj\stm32f0xx_usart.o
 .text.USART_SetDEAssertionTime
                0x00000000       0x30 ..\obj\stm32f0xx_usart.o
 .text.USART_SetDEDeassertionTime
                0x00000000       0x30 ..\obj\stm32f0xx_usart.o
 .text.USART_DMACmd
                0x00000000       0x38 ..\obj\stm32f0xx_usart.o
 .text.USART_DMAReceptionErrorConfig
                0x00000000       0x2c ..\obj\stm32f0xx_usart.o
 .text.USART_RequestCmd
                0x00000000       0x48 ..\obj\stm32f0xx_usart.o
 .text.USART_OverrunDetectionConfig
                0x00000000       0x2c ..\obj\stm32f0xx_usart.o
 .text.USART_GetFlagStatus
                0x00000000       0x3c ..\obj\stm32f0xx_usart.o
 .text.USART_ClearFlag
                0x00000000       0x18 ..\obj\stm32f0xx_usart.o
 .text.USART_ClearITPendingBit
                0x00000000       0x30 ..\obj\stm32f0xx_usart.o
 .text          0x00000000        0x0 ..\obj\stm32f0xx_tim.o
 .data          0x00000000        0x0 ..\obj\stm32f0xx_tim.o
 .bss           0x00000000        0x0 ..\obj\stm32f0xx_tim.o
 .text.TIM_DeInit
                0x00000000      0x124 ..\obj\stm32f0xx_tim.o
 .text.TIM_TimeBaseInit
                0x00000000       0xf0 ..\obj\stm32f0xx_tim.o
 .text.TIM_TimeBaseStructInit
                0x00000000       0x30 ..\obj\stm32f0xx_tim.o
 .text.TIM_PrescalerConfig
                0x00000000       0x28 ..\obj\stm32f0xx_tim.o
 .text.TIM_CounterModeConfig
                0x00000000       0x54 ..\obj\stm32f0xx_tim.o
 .text.TIM_SetCounter
                0x00000000       0x18 ..\obj\stm32f0xx_tim.o
 .text.TIM_SetAutoreload
                0x00000000       0x18 ..\obj\stm32f0xx_tim.o
 .text.TIM_GetCounter
                0x00000000       0x14 ..\obj\stm32f0xx_tim.o
 .text.TIM_GetPrescaler
                0x00000000       0x18 ..\obj\stm32f0xx_tim.o
 .text.TIM_UpdateDisableConfig
                0x00000000       0x40 ..\obj\stm32f0xx_tim.o
 .text.TIM_UpdateRequestConfig
                0x00000000       0x40 ..\obj\stm32f0xx_tim.o
 .text.TIM_ARRPreloadConfig
                0x00000000       0x40 ..\obj\stm32f0xx_tim.o
 .text.TIM_SelectOnePulseMode
                0x00000000       0x38 ..\obj\stm32f0xx_tim.o
 .text.TIM_SetClockDivision
                0x00000000       0x3c ..\obj\stm32f0xx_tim.o
 .text.TIM_Cmd  0x00000000       0x40 ..\obj\stm32f0xx_tim.o
 .text.TIM_BDTRConfig
                0x00000000       0x4c ..\obj\stm32f0xx_tim.o
 .text.TIM_BDTRStructInit
                0x00000000       0x38 ..\obj\stm32f0xx_tim.o
 .text.TIM_CtrlPWMOutputs
                0x00000000       0x4c ..\obj\stm32f0xx_tim.o
 .text.TIM_OC1Init
                0x00000000      0x1a4 ..\obj\stm32f0xx_tim.o
 .text.TIM_OC2Init
                0x00000000      0x1b8 ..\obj\stm32f0xx_tim.o
 .text.TIM_OC3Init
                0x00000000      0x1a8 ..\obj\stm32f0xx_tim.o
 .text.TIM_OC4Init
                0x00000000      0x134 ..\obj\stm32f0xx_tim.o
 .text.TIM_OCStructInit
                0x00000000       0x40 ..\obj\stm32f0xx_tim.o
 .text.TIM_SelectOCxM
                0x00000000       0xc0 ..\obj\stm32f0xx_tim.o
 .text.TIM_SetCompare1
                0x00000000       0x18 ..\obj\stm32f0xx_tim.o
 .text.TIM_SetCompare2
                0x00000000       0x18 ..\obj\stm32f0xx_tim.o
 .text.TIM_SetCompare3
                0x00000000       0x18 ..\obj\stm32f0xx_tim.o
 .text.TIM_SetCompare4
                0x00000000       0x18 ..\obj\stm32f0xx_tim.o
 .text.TIM_ForcedOC1Config
                0x00000000       0x54 ..\obj\stm32f0xx_tim.o
 .text.TIM_ForcedOC2Config
                0x00000000       0x5c ..\obj\stm32f0xx_tim.o
 .text.TIM_ForcedOC3Config
                0x00000000       0x54 ..\obj\stm32f0xx_tim.o
 .text.TIM_ForcedOC4Config
                0x00000000       0x5c ..\obj\stm32f0xx_tim.o
 .text.TIM_CCPreloadControl
                0x00000000       0x40 ..\obj\stm32f0xx_tim.o
 .text.TIM_OC1PreloadConfig
                0x00000000       0x54 ..\obj\stm32f0xx_tim.o
 .text.TIM_OC2PreloadConfig
                0x00000000       0x5c ..\obj\stm32f0xx_tim.o
 .text.TIM_OC3PreloadConfig
                0x00000000       0x54 ..\obj\stm32f0xx_tim.o
 .text.TIM_OC4PreloadConfig
                0x00000000       0x5c ..\obj\stm32f0xx_tim.o
 .text.TIM_OC1FastConfig
                0x00000000       0x54 ..\obj\stm32f0xx_tim.o
 .text.TIM_OC2FastConfig
                0x00000000       0x5c ..\obj\stm32f0xx_tim.o
 .text.TIM_OC3FastConfig
                0x00000000       0x54 ..\obj\stm32f0xx_tim.o
 .text.TIM_OC4FastConfig
                0x00000000       0x5c ..\obj\stm32f0xx_tim.o
 .text.TIM_ClearOC1Ref
                0x00000000       0x54 ..\obj\stm32f0xx_tim.o
 .text.TIM_ClearOC2Ref
                0x00000000       0x58 ..\obj\stm32f0xx_tim.o
 .text.TIM_ClearOC3Ref
                0x00000000       0x54 ..\obj\stm32f0xx_tim.o
 .text.TIM_ClearOC4Ref
                0x00000000       0x58 ..\obj\stm32f0xx_tim.o
 .text.TIM_OC1PolarityConfig
                0x00000000       0x54 ..\obj\stm32f0xx_tim.o
 .text.TIM_OC1NPolarityConfig
                0x00000000       0x54 ..\obj\stm32f0xx_tim.o
 .text.TIM_OC2PolarityConfig
                0x00000000       0x58 ..\obj\stm32f0xx_tim.o
 .text.TIM_OC2NPolarityConfig
                0x00000000       0x58 ..\obj\stm32f0xx_tim.o
 .text.TIM_OC3PolarityConfig
                0x00000000       0x5c ..\obj\stm32f0xx_tim.o
 .text.TIM_OC3NPolarityConfig
                0x00000000       0x5c ..\obj\stm32f0xx_tim.o
 .text.TIM_OC4PolarityConfig
                0x00000000       0x5c ..\obj\stm32f0xx_tim.o
 .text.TIM_SelectOCREFClear
                0x00000000       0x38 ..\obj\stm32f0xx_tim.o
 .text.TIM_CCxCmd
                0x00000000       0x64 ..\obj\stm32f0xx_tim.o
 .text.TIM_CCxNCmd
                0x00000000       0x64 ..\obj\stm32f0xx_tim.o
 .text.TIM_SelectCOM
                0x00000000       0x40 ..\obj\stm32f0xx_tim.o
 .text.TIM_ICInit
                0x00000000       0xb0 ..\obj\stm32f0xx_tim.o
 .text.TIM_ICStructInit
                0x00000000       0x2c ..\obj\stm32f0xx_tim.o
 .text.TIM_PWMIConfig
                0x00000000       0xe8 ..\obj\stm32f0xx_tim.o
 .text.TIM_GetCapture1
                0x00000000       0x14 ..\obj\stm32f0xx_tim.o
 .text.TIM_GetCapture2
                0x00000000       0x14 ..\obj\stm32f0xx_tim.o
 .text.TIM_GetCapture3
                0x00000000       0x14 ..\obj\stm32f0xx_tim.o
 .text.TIM_GetCapture4
                0x00000000       0x14 ..\obj\stm32f0xx_tim.o
 .text.TIM_SetIC1Prescaler
                0x00000000       0x38 ..\obj\stm32f0xx_tim.o
 .text.TIM_SetIC2Prescaler
                0x00000000       0x40 ..\obj\stm32f0xx_tim.o
 .text.TIM_SetIC3Prescaler
                0x00000000       0x38 ..\obj\stm32f0xx_tim.o
 .text.TIM_SetIC4Prescaler
                0x00000000       0x40 ..\obj\stm32f0xx_tim.o
 .text.TIM_ITConfig
                0x00000000       0x48 ..\obj\stm32f0xx_tim.o
 .text.TIM_GenerateEvent
                0x00000000       0x1c ..\obj\stm32f0xx_tim.o
 .text.TIM_GetFlagStatus
                0x00000000       0x48 ..\obj\stm32f0xx_tim.o
 .text.TIM_ClearFlag
                0x00000000       0x20 ..\obj\stm32f0xx_tim.o
 .text.TIM_GetITStatus
                0x00000000       0x80 ..\obj\stm32f0xx_tim.o
 .text.TIM_ClearITPendingBit
                0x00000000       0x20 ..\obj\stm32f0xx_tim.o
 .text.TIM_DMAConfig
                0x00000000       0x28 ..\obj\stm32f0xx_tim.o
 .text.TIM_DMACmd
                0x00000000       0x48 ..\obj\stm32f0xx_tim.o
 .text.TIM_SelectCCDMA
                0x00000000       0x40 ..\obj\stm32f0xx_tim.o
 .text.TIM_InternalClockConfig
                0x00000000       0x20 ..\obj\stm32f0xx_tim.o
 .text.TIM_ITRxExternalClockConfig
                0x00000000       0x34 ..\obj\stm32f0xx_tim.o
 .text.TIM_TIxExternalClockConfig
                0x00000000       0x7c ..\obj\stm32f0xx_tim.o
 .text.TIM_ETRClockMode1Config
                0x00000000       0x98 ..\obj\stm32f0xx_tim.o
 .text.TIM_ETRClockMode2Config
                0x00000000       0x4c ..\obj\stm32f0xx_tim.o
 .text.TIM_SelectInputTrigger
                0x00000000       0x54 ..\obj\stm32f0xx_tim.o
 .text.TIM_SelectOutputTrigger
                0x00000000       0x38 ..\obj\stm32f0xx_tim.o
 .text.TIM_SelectSlaveMode
                0x00000000       0x38 ..\obj\stm32f0xx_tim.o
 .text.TIM_SelectMasterSlaveMode
                0x00000000       0x38 ..\obj\stm32f0xx_tim.o
 .text.TIM_ETRConfig
                0x00000000       0x7c ..\obj\stm32f0xx_tim.o
 .text.TIM_EncoderInterfaceConfig
                0x00000000       0xf4 ..\obj\stm32f0xx_tim.o
 .text.TIM_SelectHallSensor
                0x00000000       0x40 ..\obj\stm32f0xx_tim.o
 .text.TIM_RemapConfig
                0x00000000       0x20 ..\obj\stm32f0xx_tim.o
 .text.TI1_Config
                0x00000000       0xc8 ..\obj\stm32f0xx_tim.o
 .text.TI2_Config
                0x00000000       0xf0 ..\obj\stm32f0xx_tim.o
 .text.TI3_Config
                0x00000000       0xe8 ..\obj\stm32f0xx_tim.o
 .text.TI4_Config
                0x00000000       0xf8 ..\obj\stm32f0xx_tim.o
 .debug_info    0x00000000     0x1e91 ..\obj\stm32f0xx_tim.o
 .debug_abbrev  0x00000000      0x1b7 ..\obj\stm32f0xx_tim.o
 .debug_loc     0x00000000     0x1458 ..\obj\stm32f0xx_tim.o
 .debug_aranges
                0x00000000      0x300 ..\obj\stm32f0xx_tim.o
 .debug_ranges  0x00000000      0x2f0 ..\obj\stm32f0xx_tim.o
 .debug_line    0x00000000      0x9ca ..\obj\stm32f0xx_tim.o
 .debug_str     0x00000000      0xd71 ..\obj\stm32f0xx_tim.o
 .comment       0x00000000       0x71 ..\obj\stm32f0xx_tim.o
 .ARM.attributes
                0x00000000       0x31 ..\obj\stm32f0xx_tim.o
 .debug_frame   0x00000000      0xbb0 ..\obj\stm32f0xx_tim.o
 .data          0x00000000        0x0 d:/coocox/gcc-arm-none-eabi-4_7-2013q2-20130614-win32/gnu tools arm embedded/4.7 2013q2/bin/../lib/gcc/arm-none-eabi/4.7.4/armv6-m\libgcc.a(_udivsi3.o)
 .bss           0x00000000        0x0 d:/coocox/gcc-arm-none-eabi-4_7-2013q2-20130614-win32/gnu tools arm embedded/4.7 2013q2/bin/../lib/gcc/arm-none-eabi/4.7.4/armv6-m\libgcc.a(_udivsi3.o)
 .data          0x00000000        0x0 d:/coocox/gcc-arm-none-eabi-4_7-2013q2-20130614-win32/gnu tools arm embedded/4.7 2013q2/bin/../lib/gcc/arm-none-eabi/4.7.4/armv6-m\libgcc.a(_dvmd_tls.o)
 .bss           0x00000000        0x0 d:/coocox/gcc-arm-none-eabi-4_7-2013q2-20130614-win32/gnu tools arm embedded/4.7 2013q2/bin/../lib/gcc/arm-none-eabi/4.7.4/armv6-m\libgcc.a(_dvmd_tls.o)

Memory Configuration

Name             Origin             Length             Attributes
rom              0x08000000         0x00010000         xr
ram              0x20000000         0x00002000         xrw
*default*        0x00000000         0xffffffff

Linker script and memory map

                0x20002000                _eram = 0x20002000

.text           0x08000000      0xbc0
 *(.isr_vector)
 .isr_vector    0x08000000       0xc4 ..\obj\startup_stm32f0xx.o
                0x08000000                g_pfnVectors
 *(.text*)
 .text.RCC_GetClocksFreq
                0x080000c4      0x1cc ..\obj\stm32f0xx_rcc.o
                0x080000c4                RCC_GetClocksFreq
 .text.RCC_AHBPeriphClockCmd
                0x08000290       0x3c ..\obj\stm32f0xx_rcc.o
                0x08000290                RCC_AHBPeriphClockCmd
 .text.RCC_APB1PeriphClockCmd
                0x080002cc       0x3c ..\obj\stm32f0xx_rcc.o
                0x080002cc                RCC_APB1PeriphClockCmd
 .text.NVIC_EnableIRQ
                0x08000308       0x2c ..\obj\main.o
 .text.USART2_IRQHandler
                0x08000334       0x3c ..\obj\main.o
                0x08000334                USART2_IRQHandler
 .text.main     0x08000370      0x10c ..\obj\main.o
                0x08000370                main
 .text.Reset_Handler
                0x0800047c       0x4c ..\obj\startup_stm32f0xx.o
                0x0800047c                Reset_Handler
 .text.Default_Handler
                0x080004c8        0x2 ..\obj\startup_stm32f0xx.o
                0x080004c8                TIM1_CC_IRQHandler
                0x080004c8                HardFault_Handler
                0x080004c8                ADC1_COMP_IRQHandler
                0x080004c8                SysTick_Handler
                0x080004c8                PVD_IRQHandler
                0x080004c8                PendSV_Handler
                0x080004c8                NMI_Handler
                0x080004c8                I2C1_IRQHandler
                0x080004c8                SPI1_IRQHandler
                0x080004c8                TIM6_DAC_IRQHandler
                0x080004c8                EXTI2_3_IRQHandler
                0x080004c8                I2C2_IRQHandler
                0x080004c8                TIM17_IRQHandler
                0x080004c8                RTC_IRQHandler
                0x080004c8                TIM16_IRQHandler
                0x080004c8                TIM3_IRQHandler
                0x080004c8                EXTI4_15_IRQHandler
                0x080004c8                RCC_IRQHandler
                0x080004c8                DMA1_Channel1_IRQHandler
                0x080004c8                Default_Handler
                0x080004c8                CEC_IRQHandler
                0x080004c8                TIM14_IRQHandler
                0x080004c8                DMA1_Channel4_5_IRQHandler
                0x080004c8                TIM15_IRQHandler
                0x080004c8                EXTI0_1_IRQHandler
                0x080004c8                SPI2_IRQHandler
                0x080004c8                SVC_Handler
                0x080004c8                TS_IRQHandler
                0x080004c8                WWDG_IRQHandler
                0x080004c8                TIM2_IRQHandler
                0x080004c8                DMA1_Channel2_3_IRQHandler
                0x080004c8                FLASH_IRQHandler
                0x080004c8                USART1_IRQHandler
                0x080004c8                TIM1_BRK_UP_TRG_COM_IRQHandler
 *fill*         0x080004ca        0x2 00
 .text.SystemInit1
                0x080004cc       0x8c ..\obj\system_stm32f0xx_temp.o
                0x080004cc                SystemInit
                0x080004cc                SystemInit1
 .text.SetSysClock1
                0x08000558       0xe0 ..\obj\system_stm32f0xx_temp.o
                0x08000558                SetSysClock
 .text.GPIO_Init
                0x08000638      0x138 ..\obj\stm32f0xx_gpio.o
                0x08000638                GPIO_Init
 .text.GPIO_PinAFConfig
                0x08000770       0x9c ..\obj\stm32f0xx_gpio.o
                0x08000770                GPIO_PinAFConfig
 .text.USART_Init
                0x0800080c      0x160 ..\obj\stm32f0xx_usart.o
                0x0800080c                USART_Init
 .text.USART_Cmd
                0x0800096c       0x3c ..\obj\stm32f0xx_usart.o
                0x0800096c                USART_Cmd
 .text.USART_SendData
                0x080009a8       0x24 ..\obj\stm32f0xx_usart.o
                0x080009a8                USART_SendData
 .text.USART_ReceiveData
                0x080009cc       0x1c ..\obj\stm32f0xx_usart.o
                0x080009cc                USART_ReceiveData
 .text.USART_ITConfig
                0x080009e8       0x84 ..\obj\stm32f0xx_usart.o
                0x080009e8                USART_ITConfig
 .text.USART_GetITStatus
                0x08000a6c       0xb4 ..\obj\stm32f0xx_usart.o
                0x08000a6c                USART_GetITStatus
 .text          0x08000b20       0x9c d:/coocox/gcc-arm-none-eabi-4_7-2013q2-20130614-win32/gnu tools arm embedded/4.7 2013q2/bin/../lib/gcc/arm-none-eabi/4.7.4/armv6-m\libgcc.a(_udivsi3.o)
                0x08000b20                __aeabi_uidiv
                0x08000b20                __udivsi3
                0x08000ba8                __aeabi_uidivmod
 .text          0x08000bbc        0x4 d:/coocox/gcc-arm-none-eabi-4_7-2013q2-20130614-win32/gnu tools arm embedded/4.7 2013q2/bin/../lib/gcc/arm-none-eabi/4.7.4/armv6-m\libgcc.a(_dvmd_tls.o)
                0x08000bbc                __aeabi_idiv0
                0x08000bbc                __aeabi_ldiv0
 *(.init)
 *(.fini)
 *crtbegin.o(.ctors)
 *crtbegin?.o(.ctors)
 *(EXCLUDE_FILE(*crtend.o *crtend?.o) .ctors)
 *(SORT(.ctors.*))
 *(.ctors)
 *crtbegin.o(.dtors)
 *crtbegin?.o(.dtors)
 *(EXCLUDE_FILE(*crtend.o *crtend?.o) .dtors)
 *(SORT(.dtors.*))
 *(.dtors)
 *(.rodata*)
 *(.eh_fram e*)

.glue_7         0x08000bc0        0x0
 .glue_7        0x00000000        0x0 linker stubs

.glue_7t        0x08000bc0        0x0
 .glue_7t       0x00000000        0x0 linker stubs

.vfp11_veneer   0x08000bc0        0x0
 .vfp11_veneer  0x00000000        0x0 linker stubs

.v4_bx          0x08000bc0        0x0
 .v4_bx         0x00000000        0x0 linker stubs

.iplt           0x08000bc0        0x0
 .iplt          0x00000000        0x0 ..\obj\stm32f0xx_rcc.o

.rel.dyn        0x08000bc0        0x0
 .rel.iplt      0x00000000        0x0 ..\obj\stm32f0xx_rcc.o

.ARM.extab
 *(.ARM.extab* .gnu.linkonce.armextab.*)
                0x08000bc0                __exidx_start = .

.ARM.exidx
 *(.ARM.exidx* .gnu.linkonce.armexidx.*)
                0x08000bc0                __exidx_end = .
                0x08000bc0                __etext = .
                0x08000bc0                _sidata = __etext

.data           0x20000000       0x10 load address 0x08000bc0
                0x20000000                __data_start__ = .
                0x20000000                _sdata = __data_start__
 *(vtable)
 *(.data*)
 .data          0x20000000       0x10 ..\obj\stm32f0xx_rcc.o
                0x20000010                . = ALIGN (0x4)
                0x20000010                PROVIDE (__preinit_array_start, .)
 *(.preinit_array)
                0x20000010                PROVIDE (__preinit_array_end, .)
                0x20000010                . = ALIGN (0x4)
                0x20000010                PROVIDE (__init_array_start, .)
 *(SORT(.init_array.*))
 *(.init_array)
                0x20000010                PROVIDE (__init_array_end, .)
                0x20000010                . = ALIGN (0x4)
                0x20000010                PROVIDE (__fini_array_start, .)
 *(SORT(.fini_array.*))
 *(.fini_array)
                0x20000010                PROVIDE (__fini_array_end, .)
 *(.jcr*)
                0x20000010                . = ALIGN (0x4)
                0x20000010                __data_end__ = .
                0x20000010                _edata = __data_end__

.igot.plt       0x20000010        0x0 load address 0x08000bd0
 .igot.plt      0x00000000        0x0 ..\obj\stm32f0xx_rcc.o

.bss            0x20000010        0x0
                0x20000010                . = ALIGN (0x4)
                0x20000010                __bss_start__ = .
                0x20000010                _sbss = __bss_start__
 *(.bss*)
 *(COMMON)
                0x20000010                . = ALIGN (0x4)
                0x20000010                __bss_end__ = .
                0x20000010                _ebss = __bss_end__

.heap           0x20000010        0x0
                0x20000010                __end__ = .
                0x20000010                _end = __end__
                0x20000010                end = __end__
 *(.heap*)
                0x20000010                __HeapLimit = .

.co_stack       0x20000010        0x0
                0x20000010                . = ALIGN (0x8)
 *(.co_stack .co_stack.*)
                0x20002000                __StackTop = (ORIGIN (ram) + 0x2000)
                0x20002000                __StackLimit = (__StackTop - SIZEOF (.co_stack))
                0x20002000                PROVIDE (__stack, __StackTop)
                0x00000001                ASSERT ((__StackLimit >= __HeapLimit), region ram  overflowed with stack)
LOAD ..\obj\stm32f0xx_rcc.o
LOAD ..\obj\main.o
LOAD ..\obj\startup_stm32f0xx.o
LOAD ..\obj\system_stm32f0xx_temp.o
LOAD ..\obj\stm32f0xx_gpio.o
LOAD ..\obj\stm32f0xx_usart.o
LOAD ..\obj\stm32f0xx_tim.o
START GROUP
LOAD d:/coocox/gcc-arm-none-eabi-4_7-2013q2-20130614-win32/gnu tools arm embedded/4.7 2013q2/bin/../lib/gcc/arm-none-eabi/4.7.4/armv6-m\libgcc.a
LOAD d:/coocox/gcc-arm-none-eabi-4_7-2013q2-20130614-win32/gnu tools arm embedded/4.7 2013q2/bin/../lib/gcc/arm-none-eabi/4.7.4/../../../../arm-none-eabi/lib/armv6-m\libg.a
LOAD d:/coocox/gcc-arm-none-eabi-4_7-2013q2-20130614-win32/gnu tools arm embedded/4.7 2013q2/bin/../lib/gcc/arm-none-eabi/4.7.4/../../../../arm-none-eabi/lib/armv6-m\libc.a
END GROUP
OUTPUT(Uart.elf elf32-littlearm)

.debug_info     0x00000000     0x29f1
 .debug_info    0x00000000      0xa6a ..\obj\stm32f0xx_rcc.o
 .debug_info    0x00000a6a      0x696 ..\obj\main.o
 .debug_info    0x00001100       0x80 ..\obj\startup_stm32f0xx.o
 .debug_info    0x00001180      0x310 ..\obj\system_stm32f0xx_temp.o
 .debug_info    0x00001490      0x619 ..\obj\stm32f0xx_gpio.o
 .debug_info    0x00001aa9      0xf48 ..\obj\stm32f0xx_usart.o

.debug_abbrev   0x00000000      0x785
 .debug_abbrev  0x00000000      0x1ee ..\obj\stm32f0xx_rcc.o
 .debug_abbrev  0x000001ee      0x154 ..\obj\main.o
 .debug_abbrev  0x00000342       0x12 ..\obj\startup_stm32f0xx.o
 .debug_abbrev  0x00000354      0x136 ..\obj\system_stm32f0xx_temp.o
 .debug_abbrev  0x0000048a      0x19d ..\obj\stm32f0xx_gpio.o
 .debug_abbrev  0x00000627      0x15e ..\obj\stm32f0xx_usart.o

.debug_loc      0x00000000     0x172c
 .debug_loc     0x00000000      0x864 ..\obj\stm32f0xx_rcc.o
 .debug_loc     0x00000864       0x9c ..\obj\main.o
 .debug_loc     0x00000900       0x9c ..\obj\system_stm32f0xx_temp.o
 .debug_loc     0x0000099c      0x2d8 ..\obj\stm32f0xx_gpio.o
 .debug_loc     0x00000c74      0xab8 ..\obj\stm32f0xx_usart.o

.debug_aranges  0x00000000      0x3f8
 .debug_aranges
                0x00000000      0x150 ..\obj\stm32f0xx_rcc.o
 .debug_aranges
                0x00000150       0x30 ..\obj\main.o
 .debug_aranges
                0x00000180       0x28 ..\obj\startup_stm32f0xx.o
 .debug_aranges
                0x000001a8       0x30 ..\obj\system_stm32f0xx_temp.o
 .debug_aranges
                0x000001d8       0x80 ..\obj\stm32f0xx_gpio.o
 .debug_aranges
                0x00000258      0x1a0 ..\obj\stm32f0xx_usart.o

.debug_ranges   0x00000000      0x3a0
 .debug_ranges  0x00000000      0x140 ..\obj\stm32f0xx_rcc.o
 .debug_ranges  0x00000140       0x20 ..\obj\main.o
 .debug_ranges  0x00000160       0x20 ..\obj\startup_stm32f0xx.o
 .debug_ranges  0x00000180       0x20 ..\obj\system_stm32f0xx_temp.o
 .debug_ranges  0x000001a0       0x70 ..\obj\stm32f0xx_gpio.o
 .debug_ranges  0x00000210      0x190 ..\obj\stm32f0xx_usart.o

.debug_line     0x00000000     0x10cd
 .debug_line    0x00000000      0x4b6 ..\obj\stm32f0xx_rcc.o
 .debug_line    0x000004b6      0x1e3 ..\obj\main.o
 .debug_line    0x00000699       0x9b ..\obj\startup_stm32f0xx.o
 .debug_line    0x00000734      0x18c ..\obj\system_stm32f0xx_temp.o
 .debug_line    0x000008c0      0x291 ..\obj\stm32f0xx_gpio.o
 .debug_line    0x00000b51      0x57c ..\obj\stm32f0xx_usart.o

.debug_str      0x00000000     0x1342
 .debug_str     0x00000000      0x639 ..\obj\stm32f0xx_rcc.o
                                0x6b8 (size before relaxing)
 .debug_str     0x00000639      0x4a2 ..\obj\main.o
                                0x5b1 (size before relaxing)
 .debug_str     0x00000adb       0x9a ..\obj\system_stm32f0xx_temp.o
                                0x22f (size before relaxing)
 .debug_str     0x00000b75      0x17b ..\obj\stm32f0xx_gpio.o
                                0x41f (size before relaxing)
 .debug_str     0x00000cf0      0x652 ..\obj\stm32f0xx_usart.o
                                0x8e6 (size before relaxing)

.comment        0x00000000       0x70
 .comment       0x00000000       0x70 ..\obj\stm32f0xx_rcc.o
                                 0x71 (size before relaxing)
 .comment       0x00000000       0x71 ..\obj\main.o
 .comment       0x00000000       0x71 ..\obj\system_stm32f0xx_temp.o
 .comment       0x00000000       0x71 ..\obj\stm32f0xx_gpio.o
 .comment       0x00000000       0x71 ..\obj\stm32f0xx_usart.o

.ARM.attributes
                0x00000000       0x2f
 .ARM.attributes
                0x00000000       0x31 ..\obj\stm32f0xx_rcc.o
 .ARM.attributes
                0x00000031       0x31 ..\obj\main.o
 .ARM.attributes
                0x00000062       0x21 ..\obj\startup_stm32f0xx.o
 .ARM.attributes
                0x00000083       0x31 ..\obj\system_stm32f0xx_temp.o
 .ARM.attributes
                0x000000b4       0x31 ..\obj\stm32f0xx_gpio.o
 .ARM.attributes
                0x000000e5       0x31 ..\obj\stm32f0xx_usart.o
 .ARM.attributes
                0x00000116       0x1e d:/coocox/gcc-arm-none-eabi-4_7-2013q2-20130614-win32/gnu tools arm embedded/4.7 2013q2/bin/../lib/gcc/arm-none-eabi/4.7.4/armv6-m\libgcc.a(_udivsi3.o)
 .ARM.attributes
                0x00000134       0x1e d:/coocox/gcc-arm-none-eabi-4_7-2013q2-20130614-win32/gnu tools arm embedded/4.7 2013q2/bin/../lib/gcc/arm-none-eabi/4.7.4/armv6-m\libgcc.a(_dvmd_tls.o)

.debug_frame    0x00000000      0xdbc
 .debug_frame   0x00000000      0x4e4 ..\obj\stm32f0xx_rcc.o
 .debug_frame   0x000004e4       0x6c ..\obj\main.o
 .debug_frame   0x00000550       0x6c ..\obj\system_stm32f0xx_temp.o
 .debug_frame   0x000005bc      0x1b0 ..\obj\stm32f0xx_gpio.o
 .debug_frame   0x0000076c      0x630 ..\obj\stm32f0xx_usart.o
 .debug_frame   0x00000d9c       0x20 d:/coocox/gcc-arm-none-eabi-4_7-2013q2-20130614-win32/gnu tools arm embedded/4.7 2013q2/bin/../lib/gcc/arm-none-eabi/4.7.4/armv6-m\libgcc.a(_udivsi3.o)
